 model    subset  images  objects  AP50  AP75  AP50_95  R_at_FPPI_0_1  F1_best  thr_F1  FPPI_at_F1  bg_max_p99
   hgb       all     400      969 0.969 0.141    0.372          0.988    0.986   0.970       0.040       0.128
   hgb   one_obj     115      115 0.983 0.188    0.402          0.991    0.987   0.970       0.017       0.102
   hgb three_obj     285      854 0.969 0.136    0.370          0.987    0.985   0.988       0.049       0.261
   hgb  machine1     136      366 0.971 0.143    0.374          0.989    0.989   1.000       0.029       0.003
   hgb  machine2     131      294 0.998 0.235    0.434          1.000    0.998   0.970       0.008       0.027
   hgb  machine3     133      309 0.956 0.081    0.333          0.974    0.973   0.988       0.068       0.713
   hgb     fold0     108      323 0.970 0.123    0.358          0.988    0.985   0.988       0.056       0.928
   hgb     fold1     104      312 0.984 0.135    0.375          0.990    0.989   0.744       0.038       0.048
   hgb     fold2      94      130 0.950 0.174    0.382          0.977    0.977   0.970       0.032       0.082
   hgb     fold3      94      204 0.983 0.194    0.409          0.990    0.988   0.996       0.032       0.121
hgb_v2       all     400      969 0.967 0.136    0.369          0.983    0.980   0.530       0.058       0.908
hgb_v2   one_obj     115      115 0.964 0.184    0.385          0.983    0.978   0.530       0.026       0.203
hgb_v2 three_obj     285      854 0.968 0.134    0.369          0.984    0.980   0.882       0.070       0.972
hgb_v2  machine1     136      366 0.968 0.137    0.375          0.986    0.986   1.000       0.037       0.000
hgb_v2  machine2     131      294 0.998 0.231    0.433          1.000    0.998   0.530       0.008       0.024
hgb_v2  machine3     133      309 0.947 0.084    0.326          0.961    0.963   0.996       0.083       0.982
hgb_v2     fold0     108      323 0.970 0.136    0.357          0.988    0.985   0.996       0.046       0.908
hgb_v2     fold1     104      312 0.972 0.132    0.373          0.984    0.979   0.882       0.077       0.986
hgb_v2     fold2      94      130 0.925 0.134    0.370          0.962    0.958   0.530       0.064       0.060
hgb_v2     fold3      94      204 0.982 0.152    0.396          0.990    0.990   1.000       0.021       0.244
