  model    subset  images  objects  AP50  AP75  AP50_95  R_at_FPPI_0_1  F1_best  thr_F1  FPPI_at_F1  bg_max_p99
    hgb       all     400      969 0.969 0.141    0.372          0.988    0.986   0.970       0.040       0.128
    hgb   one_obj     115      115 0.983 0.188    0.402          0.991    0.987   0.970       0.017       0.102
    hgb three_obj     285      854 0.969 0.136    0.370          0.987    0.985   0.988       0.049       0.261
    hgb  machine1     136      366 0.971 0.143    0.374          0.989    0.989   1.000       0.029       0.003
    hgb  machine2     131      294 0.998 0.235    0.434          1.000    0.998   0.970       0.008       0.027
    hgb  machine3     133      309 0.956 0.081    0.333          0.974    0.973   0.988       0.068       0.713
    hgb     fold0     108      323 0.970 0.123    0.358          0.988    0.985   0.988       0.056       0.928
    hgb     fold1     104      312 0.984 0.135    0.375          0.990    0.989   0.744       0.038       0.048
    hgb     fold2      94      130 0.950 0.174    0.382          0.977    0.977   0.970       0.032       0.082
    hgb     fold3      94      204 0.983 0.194    0.409          0.990    0.988   0.996       0.032       0.121
p2_coco       all     400      969 0.970 0.154    0.383          0.985    0.984   0.093       0.042       0.034
p2_coco   one_obj     115      115 0.988 0.156    0.387          0.991    0.991   0.084       0.009       0.005
p2_coco three_obj     285      854 0.970 0.157    0.383          0.984    0.983   0.563       0.053       0.044
p2_coco  machine1     136      366 0.970 0.158    0.386          0.986    0.986   0.566       0.037       0.032
p2_coco  machine2     131      294 0.998 0.271    0.446          1.000    0.998   0.021       0.008       0.019
p2_coco  machine3     133      309 0.942 0.055    0.322          0.968    0.968   0.084       0.075       0.032
p2_coco     fold0     108      323 0.971 0.186    0.390          0.988    0.986   0.563       0.046       0.074
p2_coco     fold1     104      312 0.974 0.125    0.375          0.981    0.981   0.038       0.058       0.028
p2_coco     fold2      94      130 0.968 0.149    0.360          0.985    0.985   0.084       0.021       0.006
p2_coco     fold3      94      204 0.976 0.182    0.425          0.985    0.983   0.093       0.043       0.013
