threshold 0.143: objects 969, FN 23, FP 24 (localization 23, background 1)
 iou    AP  recall  precision  FPPI
 0.3 0.998   0.999      0.998 0.005
 0.4 0.988   0.997      0.996 0.010
 0.5 0.956   0.976      0.975 0.060
 0.6 0.782   0.869      0.868 0.320
 0.7 0.372   0.576      0.575 1.030
        variable       level   n  recall  FN  ci_lo  ci_hi  mean_score  min_score
        box_area  (170, 500] 131   0.924  10  0.865  0.958       0.617        0.0
        bg_local   (90, 100] 178   0.938  11  0.893  0.965       0.610        0.0
ana_mark_overlap  (0.3, 1.0] 185   0.941  11  0.897  0.966       0.634        0.0
         machine           3 309   0.948  16  0.918  0.968       0.619        0.0
           width         576 309   0.948  16  0.918  0.968       0.619        0.0
       core_area     (4, 10]  39   0.949   2  0.831  0.986       0.624        0.0
   dist_band_end    (11, 15] 219   0.954  10  0.918  0.975       0.634        0.0
       dist_edge   (65, 200] 176   0.955   8  0.913  0.977       0.627        0.0
        box_area     (0, 80] 205   0.956   9  0.919  0.977       0.653        0.0
       dist_edge    (55, 65] 187   0.957   8  0.918  0.978       0.635        0.0
           weber (0.0, 0.45] 102   0.961   4  0.903  0.985       0.639        0.0
      core_depth    (50, 55] 139   0.964   5  0.919  0.985       0.645        0.0
      core_depth    (40, 45] 228   0.969   7  0.938  0.985       0.661        0.0
           weber  (0.6, 1.0]  33   0.970   1  0.847  0.995       0.666        0.0
        col_rank           1 285   0.972   8  0.946  0.986       0.669        0.0
            term   coef  ci_lo  ci_hi
       intercept  0.570  0.485  0.753
      core_depth -0.011 -0.204  0.160
       core_area  0.028 -0.222  0.119
        box_area -0.300 -0.804  0.985
        bg_local -0.341 -0.519  0.058
   dist_band_end  0.004 -0.018  0.060
        machine3 -0.249 -0.613  0.114
        machine2 -0.213 -0.488  0.060
       three_obj  0.044 -0.187  0.181
ana_mark_overlap  0.136 -0.340  0.235
depth_x_machine3  0.098 -0.118  0.265
type          where
background    band      1
localization  band     23
