threshold 0.359: objects 969, FN 18, FP 18 (localization 17, background 1)
 iou    AP  recall  precision  FPPI
 0.3 0.989   0.998      0.998 0.005
 0.4 0.987   0.996      0.996 0.010
 0.5 0.969   0.981      0.981 0.045
 0.6 0.789   0.866      0.866 0.325
 0.7 0.390   0.581      0.581 1.015
        variable       level   n  recall  FN  ci_lo  ci_hi  mean_score  min_score
        box_area  (170, 500] 131   0.939   8  0.884  0.969       0.644        0.0
           weber  (0.6, 1.0]  33   0.939   2  0.804  0.983       0.654        0.0
       core_area     (4, 10]  39   0.949   2  0.831  0.986       0.652        0.0
        bg_local   (90, 100] 178   0.949   9  0.907  0.973       0.648        0.0
           weber (0.0, 0.45] 102   0.951   5  0.890  0.979       0.666        0.0
ana_mark_overlap  (0.3, 1.0] 185   0.957   8  0.917  0.978       0.664        0.0
         machine           3 309   0.958  13  0.929  0.975       0.655        0.0
           width         576 309   0.958  13  0.929  0.975       0.655        0.0
   dist_band_end    (11, 15] 219   0.963   8  0.930  0.981       0.672        0.0
        box_area     (0, 80] 205   0.966   7  0.931  0.983       0.694        0.0
       dist_edge    (55, 65] 187   0.968   6  0.932  0.985       0.668        0.0
       dist_edge   (65, 200] 176   0.972   5  0.935  0.988       0.669        0.0
        col_rank           1 285   0.972   8  0.946  0.986       0.686        0.0
           month           7  87   0.977   2  0.920  0.994       0.673        0.0
      core_depth    (45, 50] 136   0.978   3  0.937  0.992       0.674        0.0
            term   coef  ci_lo  ci_hi
       intercept  0.729  0.615  0.847
      core_depth -0.083 -0.157  0.079
       core_area -0.017 -0.212  0.047
        box_area -0.209 -0.661  0.947
        bg_local -0.222 -0.463  0.158
   dist_band_end  0.018 -0.008  0.067
        machine3 -0.228 -0.612  0.056
        machine2 -0.229 -0.479  0.109
       three_obj  0.004 -0.208  0.147
ana_mark_overlap  0.067 -0.356  0.165
depth_x_machine3  0.100 -0.131  0.264
type          where
background    band      1
localization  band     17
