threshold 0.970: objects 969, FN 12, FP 16 (localization 14, background 2)
 iou    AP  recall  precision  FPPI
 0.3 0.989   0.999      0.995 0.012
 0.4 0.986   0.995      0.991 0.022
 0.5 0.969   0.988      0.984 0.040
 0.6 0.780   0.883      0.880 0.292
 0.7 0.322   0.563      0.561 1.068
        variable        level   n  recall  FN  ci_lo  ci_hi  mean_score  min_score
           weber   (0.6, 1.0]  33   0.939   2  0.804  0.983       0.939        0.0
        box_area      (0, 80] 205   0.956   9  0.919  0.977       0.956        0.0
        bg_local    (90, 100] 178   0.966   6  0.928  0.984       0.966        0.0
   dist_band_end     (11, 15] 219   0.973   6  0.942  0.987       0.973        0.0
       dist_edge     (55, 65] 187   0.973   5  0.939  0.989       0.973        0.0
         machine            3 309   0.974   8  0.950  0.987       0.974        0.0
           width          576 309   0.974   8  0.950  0.987       0.974        0.0
           month            7  87   0.977   2  0.920  0.994       0.977        0.0
        box_area   (170, 500] 131   0.977   3  0.935  0.992       0.977        0.0
ana_mark_overlap (-0.01, 0.0] 265   0.977   6  0.951  0.990       0.977        0.0
        col_rank            1 285   0.979   6  0.955  0.990       0.979        0.0
           weber  (0.0, 0.45] 102   0.980   2  0.931  0.995       0.980        0.0
      core_depth    (55, 100] 279   0.982   5  0.959  0.992       0.982        0.0
      core_depth     (45, 50] 136   0.985   2  0.948  0.996       0.985        0.0
      core_depth     (50, 55] 139   0.986   2  0.949  0.996       0.986        0.0
            term   coef  ci_lo  ci_hi
       intercept  6.720  6.540  7.031
      core_depth  0.014 -0.169  0.218
       core_area  0.019 -0.237  0.110
        box_area -0.084 -0.759  1.426
        bg_local -0.179 -0.655  0.562
   dist_band_end -0.026 -0.103  0.130
        machine3 -0.285 -0.925 -0.000
        machine2 -0.151 -0.684  0.558
       three_obj -0.004 -0.419  0.196
ana_mark_overlap  0.174 -0.494  0.396
depth_x_machine3 -0.068 -0.554  0.202
type          where
background    band      2
localization  band     14
