threshold 0.196: objects 969, FN 30, FP 31 (localization 30, background 1)
 iou    AP  recall  precision  FPPI
 0.3 0.998   0.999      0.998 0.005
 0.4 0.986   0.995      0.994 0.015
 0.5 0.954   0.969      0.968 0.078
 0.6 0.762   0.856      0.855 0.352
 0.7 0.340   0.547      0.546 1.100
        variable       level   n  recall  FN  ci_lo  ci_hi  mean_score  min_score
        box_area  (170, 500] 131   0.870  17  0.802  0.917       0.587        0.0
        bg_local   (90, 100] 178   0.899  18  0.846  0.935       0.587        0.0
ana_mark_overlap  (0.3, 1.0] 185   0.908  17  0.858  0.942       0.615        0.0
         machine           3 309   0.926  23  0.891  0.950       0.606        0.0
           width         576 309   0.926  23  0.891  0.950       0.606        0.0
       dist_edge    (55, 65] 187   0.930  13  0.885  0.959       0.618        0.0
           weber  (0.6, 1.0]  33   0.939   2  0.804  0.983       0.644        0.0
   dist_band_end    (11, 15] 219   0.941  13  0.901  0.965       0.626        0.0
      core_depth    (45, 50] 136   0.941   8  0.888  0.970       0.625        0.0
       core_area     (4, 10]  39   0.949   2  0.831  0.986       0.636        0.0
       dist_edge   (65, 200] 176   0.949   9  0.906  0.973       0.634        0.0
      core_depth    (50, 55] 139   0.950   7  0.900  0.975       0.631        0.0
           weber (0.0, 0.45] 102   0.951   5  0.890  0.979       0.622        0.0
        box_area     (0, 80] 205   0.956   9  0.919  0.977       0.643        0.0
        col_rank           3 284   0.958  12  0.928  0.976       0.644        0.0
            term   coef  ci_lo  ci_hi
       intercept  0.510  0.392  0.735
      core_depth  0.022 -0.219  0.266
       core_area  0.045 -0.210  0.165
        box_area -0.288 -0.825  0.985
        bg_local -0.359 -0.677  0.191
   dist_band_end -0.016 -0.076  0.064
        machine3 -0.259 -0.633 -0.021
        machine2 -0.140 -0.589  0.405
       three_obj  0.032 -0.180  0.146
ana_mark_overlap  0.025 -0.340  0.077
depth_x_machine3  0.011 -0.175  0.134
type          where
background    band      1
localization  band     30
