{
 "model": "p3_coco_v2b",
 "calibration": "platt",
 "ece": {
  "isotonic": 0.003194434884844371,
  "platt": 0.002001441653749921,
  "raw": 0.2160792823402169
 },
 "brier": {
  "isotonic": 0.015480463026443441,
  "platt": 0.015456121078194227,
  "raw": 0.07527746566051056
 },
 "target_recall": 0.99,
 "target_reachable": true,
 "max_recall_one_obj": 1.0,
 "max_fpr": 0.0,
 "t_low": 0.9472842895214436,
 "t_high": 0.9833361241116065,
 "zone_collapsed": false,
 "zones": {
  "positive_images(one_obj)": {
   "pass_": 0.008695652173913044,
   "reinspect": 0.7478260869565218,
   "reject": 0.24347826086956523
  },
  "positive_images(all)": {
   "pass_": 0.005,
   "reinspect": 0.8175,
   "reject": 0.1775
  },
  "negative_proxy(bg_max)": {
   "pass_": 0.9975,
   "reinspect": 0.0025,
   "reject": 0.0
  }
 },
 "recall_one_obj_at_t_low": 0.991304347826087,
 "recall_one_obj_at_t_low_CI95": [
  0.9638444019982368,
  1.0
 ],
 "rule_of_three_upper_miss": 0.02608695652173913,
 "n_one_obj": 115,
 "n_images": 400,
 "negative_proxy_fpr_at_t_low": 0.0025
}
 prevalence  miss_rate_per_item  reinspect_rate  reject_rate  precision_of_flag
      0.001            0.000009        0.003245     0.000243           0.284139
      0.010            0.000087        0.009953     0.002435           0.800211
      0.100            0.000870        0.077033     0.024348           0.977806
