{
 "model": "hgb",
 "calibration": "platt",
 "ece": {
  "isotonic": 0.00393668795150222,
  "platt": 0.010035454878616585,
  "raw": 0.028390997978845853
 },
 "brier": {
  "isotonic": 0.012705487151635617,
  "platt": 0.012433363488193364,
  "raw": 0.020256655605666602
 },
 "target_recall": 0.99,
 "max_fpr": 0.0,
 "t_low": 0.2846950326054005,
 "t_high": 0.99577909522651,
 "zone_collapsed": false,
 "zones": {
  "positive_images(one_obj)": {
   "pass_": 0.008695652173913044,
   "reinspect": 0.991304347826087,
   "reject": 0.0
  },
  "positive_images(all)": {
   "pass_": 0.0275,
   "reinspect": 0.8025,
   "reject": 0.17
  },
  "negative_proxy(bg_max)": {
   "pass_": 0.995,
   "reinspect": 0.005,
   "reject": 0.0
  }
 },
 "recall_one_obj_at_t_low": 0.991304347826087,
 "recall_one_obj_at_t_low_CI95": [
  0.953125,
  1.0
 ],
 "rule_of_three_upper_miss": 0.02608695652173913,
 "n_one_obj": 115,
 "n_images": 400,
 "negative_proxy_fpr_at_t_low": 0.005
}
 prevalence  miss_rate_per_item  reinspect_rate  reject_rate  precision_of_flag
      0.001            0.000009        0.005986          0.0           0.165595
      0.010            0.000087        0.014863          0.0           0.666959
      0.100            0.000870        0.103630          0.0           0.956576
