  mode  outer         deploy rule                                   t_raw  n_img  pass_all  n_one  pass_one  n_m3_one  pass_m3_one  n_neg  neg_flag  ood_flagged
  lofo      0     fold_model   R0                                  0.5448    108         0      0         0         0            0    108         1            1
  lofo      0     fold_model   R1                                   0.359    108         0      0         0         0            0    108         1            1
  lofo      0     fold_model   R2 {"1": 0.6883, "2": 0.6679, "3": 0.5387}    108         0      0         0         0            0    108         1            1
  lofo      0     fold_model   R3                                  0.5387    108         0      0         0         0            0    108         1            1
  lofo      0     fold_model   R4                                  0.0185    108         0      0         0         0            0    108         4            1
  lofo      1     fold_model   R0                                  0.5448    104         0      0         0         0            0    104         0            1
  lofo      1     fold_model   R1                                  0.0971    104         0      0         0         0            0    104         0            1
  lofo      1     fold_model   R2 {"1": 0.6883, "2": 0.6679, "3": 0.5387}    104         0      0         0         0            0    104         0            1
  lofo      1     fold_model   R3                                  0.5387    104         0      0         0         0            0    104         0            1
  lofo      1     fold_model   R4                                  0.0971    104         0      0         0         0            0    104         0            1
  lofo      2     fold_model   R0                                  0.6136     94         2     76         2        18            2     94         0            1
  lofo      2     fold_model   R1                                  0.5923     94         2     76         2        18            2     94         0            1
  lofo      2     fold_model   R2 {"1": 0.6136, "2": 0.6136, "3": 0.6136}     94         2     76         2        18            2     94         0            1
  lofo      2     fold_model   R3                                  0.6136     94         2     76         2        18            2     94         0            1
  lofo      2     fold_model   R4                                  0.0753     94         0     76         0        18            0     94         1            1
  lofo      3     fold_model   R0                                  0.5387     94         0     39         0        27            0     94         0            0
  lofo      3     fold_model   R1                                   0.359     94         0     39         0        27            0     94         0            0
  lofo      3     fold_model   R2 {"1": 0.6883, "2": 0.6679, "3": 0.5387}     94         6     39         0        27            0     94         0            0
  lofo      3     fold_model   R3                                  0.5387     94         0     39         0        27            0     94         0            0
  lofo      3     fold_model   R4                                  0.0971     94         0     39         0        27            0     94         0            0
nested      2     fold_model   R0                                  0.6591     94         6     76         6        18            6     94         0            1
nested      2     fold_model   R1                                  0.6184     94         3     76         3        18            3     94         0            1
nested      2     fold_model   R2 {"1": 0.6591, "2": 0.6591, "3": 0.6591}     94         6     76         6        18            6     94         0            1
nested      2     fold_model   R3                                  0.6591     94         6     76         6        18            6     94         0            1
nested      2     fold_model   R4                                  0.2335     94         0     76         0        18            0     94         0            1
nested      2 inner_ensemble   R0                                  0.6591     94         6     76         6        18            6     94         0            1
nested      2 inner_ensemble   R1                                  0.6184     94         2     76         2        18            2     94         0            1
nested      2 inner_ensemble   R2 {"1": 0.6591, "2": 0.6591, "3": 0.6591}     94         6     76         6        18            6     94         0            1
nested      2 inner_ensemble   R3                                  0.6591     94         6     76         6        18            6     94         0            1
nested      2 inner_ensemble   R4                                  0.2335     94         0     76         0        18            0     94         0            1
nested      3     fold_model   R0                                  0.6545     94         6     39         6        27            6     94         0            0
nested      3     fold_model   R1                                   0.563     94         0     39         0        27            0     94         0            0
nested      3     fold_model   R2 {"1": 0.6545, "2": 0.6729, "3": 0.6601}     94         6     39         6        27            6     94         0            0
nested      3     fold_model   R3                                  0.6545     94         6     39         6        27            6     94         0            0
nested      3     fold_model   R4                                  0.1728     94         0     39         0        27            0     94         0            0
nested      3 inner_ensemble   R0                                  0.6545     94         7     39         7        27            7     94         0            0
nested      3 inner_ensemble   R1                                   0.563     94         0     39         0        27            0     94         0            0
nested      3 inner_ensemble   R2 {"1": 0.6545, "2": 0.6729, "3": 0.6601}     94         7     39         7        27            7     94         0            0
nested      3 inner_ensemble   R3                                  0.6545     94         7     39         7        27            7     94         0            0
nested      3 inner_ensemble   R4                                  0.1728     94         0     39         0        27            0     94         0            0
             n_img  pass_all  n_one  pass_one  n_m3_one  pass_m3_one  n_neg  neg_flag  neg_flag_rate  one_leak_upper95
mode   rule                                                                                                           
lofo   R0      400         2    115         2        45            2    400         1         0.0025            0.0537
       R1      400         2    115         2        45            2    400         1         0.0025            0.0537
       R2      400         8    115         2        45            2    400         1         0.0025            0.0537
       R3      400         2    115         2        45            2    400         1         0.0025            0.0537
       R4      400         0    115         0        45            0    400         5         0.0125            0.0257
nested R0      188        12    115        12        45           12    188         0         0.0000            0.1636
       R1      188         3    115         3        45            3    188         0         0.0000            0.0660
       R2      188        12    115        12        45           12    188         0         0.0000            0.1636
       R3      188        12    115        12        45           12    188         0         0.0000            0.1636
       R4      188         0    115         0        45            0    188         0         0.0000            0.0257
cost ok: {'R0': True, 'R1': True, 'R2': True, 'R3': True, 'R4': False} → selected: R1
 outer  machine  n_obj   n  deploy_med  inner_med  diff_med  deploy_p05  inner_p05
     2        1      1  15       0.705      0.684     0.017       0.693      0.675
     2        1      3  18       0.703      0.693     0.012       0.689      0.678
     2        2      1  43       0.714      0.702     0.006       0.685      0.678
     2        2      3  18       0.689      0.699    -0.004       0.657      0.660
     2        3      1  18       0.677      0.674    -0.008       0.544      0.593
     2        3      3  18       0.668      0.699    -0.035       0.640      0.661
     3        1      1   6       0.749      0.721     0.030       0.748      0.717
     3        1      3 111       0.688      0.672     0.015       0.662      0.653
     3        2      1   6       0.733      0.716     0.017       0.721      0.707
     3        2      3  18       0.704      0.695     0.018       0.684      0.657
     3        3      1  27       0.707      0.686     0.008       0.618      0.623
     3        3      3  36       0.703      0.711    -0.007       0.667      0.667
