{
 "model": "hgb_v2",
 "calibration": "isotonic",
 "ece": {
  "isotonic": 0.0034254006701292875,
  "platt": 0.010495909282338185,
  "raw": 0.024428463584746606
 },
 "brier": {
  "isotonic": 0.019414298526262575,
  "platt": 0.02012945518857052,
  "raw": 0.0217775540013649
 },
 "target_recall": 0.99,
 "max_fpr": 0.0,
 "t_low": 0.0,
 "t_high": 0.9785932721712539,
 "zone_collapsed": false,
 "zones": {
  "positive_images(one_obj)": {
   "pass_": 0.0,
   "reinspect": 0.6434782608695652,
   "reject": 0.3565217391304348
  },
  "positive_images(all)": {
   "pass_": 0.0,
   "reinspect": 0.685,
   "reject": 0.315
  },
  "negative_proxy(bg_max)": {
   "pass_": 0.0,
   "reinspect": 1.0,
   "reject": 0.0
  }
 },
 "recall_one_obj_at_t_low": 1.0,
 "recall_one_obj_at_t_low_CI95": [
  1.0,
  1.0
 ],
 "rule_of_three_upper_miss": 0.02608695652173913,
 "n_one_obj": 115,
 "n_images": 400,
 "negative_proxy_fpr_at_t_low": 1.0
}
 prevalence  miss_rate_per_item  reinspect_rate  reject_rate  precision_of_flag
      0.001                 0.0        0.999643     0.000357              0.001
      0.010                 0.0        0.996435     0.003565              0.010
      0.100                 0.0        0.964348     0.035652              0.100
